id	taxonomy
1d77d81bf8e4fa24b525987257dd5396	other
42370bee07a419d0bf08a77c71eb71b2	k__Bacteria; p__Firmicutes; c__Clostridia; o__Clostridiales; f__Clostridiaceae; g__Clostridium; s__
b7172bfd271404e546936636e86cba72	other
1b736c9b2516e440141859f406d9a754	k__Bacteria; p__Firmicutes; c__Bacilli; o__Bacillales; f__Listeriaceae; g__Listeria; s__monocytogenes
071ccbf1a99312897fd4338f3aa15ee0	other
67e67721df6df05920b34c512038ccc0	other
aa920529d931f31b07482715d415ac65	other
b7dacef20fe1f1c854ea226f7e157205	other
0493483cc66975024c927c2356f762d9	k__Bacteria; p__Firmicutes; c__Clostridia; o__Clostridiales; f__Clostridiaceae; g__Clostridium; s__
b53806d2798866e54bc88919793f0143	k__Bacteria; p__Proteobacteria; c__Gammaproteobacteria; o__Enterobacteriales; f__Enterobacteriaceae; g__Escherichia; s__coli
75d67bcc37ff6bc3b89fce1ee8f1c372	other
2c5352f7ad9c99e93424ced5793b9f83	k__Bacteria; p__Proteobacteria; c__Betaproteobacteria; o__Neisseriales; f__Neisseriaceae; g__Neisseria; s__
1c3e865d1fc5e0a8a0f78c8104960cca	other
867a6a47b7304418cb43fb4a2e30d3d0	k__Bacteria; p__Firmicutes; c__Clostridia; o__Clostridiales; f__Clostridiaceae; g__Clostridium; s__
d6aa78db03f112595ccf3de6e632a776	other
d03173933344f7959edc8d5fa2178b4b	k__Bacteria; p__Firmicutes; c__Bacilli; o__Lactobacillales; f__Lactobacillaceae; g__Lactobacillus; s__
ca916522eb03925008ed1a573fccea4d	other
bd0e04bba322ccdb0aeddbdc43ce1798	k__Bacteria; p__Proteobacteria; c__Epsilonproteobacteria; o__Campylobacterales; f__Helicobacteraceae; g__Helicobacter; s__pylori
c00fd53d00e8e2e34b114980b98e280a	other
3510d5121df9f091d80df9d53c460170	other
eac49ef763ca5d9009fa065899351d50	k__Bacteria; p__Proteobacteria; c__Gammaproteobacteria; o__Pseudomonadales; f__Moraxellaceae; g__Acinetobacter; s__
a67bb5740043b6e08858fa4edbfc8ed3	other
947509aeb83689ba95645303eba19e9c	k__Bacteria; p__Firmicutes; c__Bacilli; o__Lactobacillales; f__Lactobacillaceae; g__Lactobacillus; s__
0fa12d8ac45f660abaf5ad66ba640700	other
b8cc728644d1ee15082bc05ed841134a	other
94abfcc74e15148e81c3ecca47a75bed	k__Bacteria; p__[Thermi]; c__Deinococci; o__Deinococcales; f__Deinococcaceae; g__Deinococcus; s__
bbb2c82af14dff4b79b854e3e7a2d86a	other
47d01e6146062d4183e8b7db6a700475	k__Bacteria; p__Proteobacteria; c__Gammaproteobacteria; o__Pseudomonadales; f__Moraxellaceae; g__Acinetobacter; s__
220c846f12fd2f209cec1f6869147a6d	other
fb6f70f872db41f24044c84b6f7a5844	k__Bacteria; p__Bacteroidetes; c__Bacteroidia; o__Bacteroidales; f__Bacteroidaceae; g__Bacteroides; s__
1820e6e409a195ddef6a8d62d7b5242b	k__Bacteria; p__Firmicutes; c__Bacilli; o__Bacillales; f__Bacillaceae; g__Bacillus; s__cereus
08c616332ec73f76695bda6d1e8c1883	other
c9bf5c74d65804a3c12ee5f33a35ce53	k__Bacteria; p__Firmicutes; c__Bacilli; o__Lactobacillales; f__Enterococcaceae; g__Enterococcus; s__
0da786d0c2fa20926b44660a9ab2e8f0	k__Bacteria; p__Firmicutes; c__Bacilli; o__Lactobacillales; f__Streptococcaceae; g__Streptococcus; s__agalactiae
2d4978cf246f2ee60cd5ddba9df73e8e	k__Bacteria; p__Bacteroidetes; c__Bacteroidia; o__Bacteroidales; f__Bacteroidaceae; g__Bacteroides; s__
01fdabbd95d79a1883887f5c64967e3b	other
761f6e7e683272bb63343f32497e5140	other
27f00823dd0cf2a0b7fe15cd55c2b817	other
6b57b00d3724d584038b912d5462b1a3	other
598c0d78a56f4f34186a60a2096c8cbb	other
bcc8ad1c4518db8cc3549258f5834d4a	k__Bacteria; p__Firmicutes; c__Bacilli; o__Lactobacillales; f__Streptococcaceae; g__Streptococcus; s__
5f24d62e8caaa259b59cb08f7c7756df	k__Bacteria; p__Firmicutes; c__Bacilli; o__Lactobacillales; f__Streptococcaceae; g__Streptococcus; s__
077aa1b236fc782e8ec5d52d38d2217a	other
b85a7e5c0f73a4d651fa3e6f082ec9dd	other
4aa1826b4bcccd4d1d8eae11fa66d439	other
429c87d38cccaced346f5669cd76dd9c	other
574f20a3d7c71281fa40d64f27e6e22b	other
b5bc607a490a5a0e97594a97e5e3820b	other
a7ac04fb6dae5540438d7f5f9b626ca6	other
c551e3a305d51c1a3c56057d4b57d42a	other
a0748d07684e299b7bb3fdb265e5de4a	k__Bacteria; p__Proteobacteria; c__Alphaproteobacteria; o__Rhodobacterales; f__Rhodobacteraceae; g__Rhodobacter; s__sphaeroides
00c46ec40d6e5ff13c931ab695422809	other
0c01877ee48a17ced09f7382bfdece9f	other
e17749b10816dd2810a5c28640cea363	other
fbd5df3b3d4c3a5432cb6f0cbd649ca1	k__Bacteria; p__Proteobacteria; c__Epsilonproteobacteria; o__Campylobacterales; f__Helicobacteraceae; g__Helicobacter; s__pylori
c44d66bffeacdbdfaf774e80a63a314c	other
2fe0d49dde617cc794a5eac8643a224c	k__Bacteria; p__Proteobacteria; c__Gammaproteobacteria; o__Pseudomonadales; f__Pseudomonadaceae; g__Pseudomonas; s__aeruginosa
f347ed507374d3ad78e59ce519190b59	other
6404c9d54337d9a3f5b3fb365af3671f	other
9ca45f68f3c2a26d26b68740a86ad5c7	k__Bacteria; p__Firmicutes; c__Bacilli; o__Lactobacillales; f__Streptococcaceae; g__Streptococcus; s__
b98513444f750317f0dfff492b9d2cdc	other
f134cd502119dcd22f8337ba5e89667f	other
88c84411a36fcd85de778f674566a98f	k__Bacteria; p__Firmicutes; c__Bacilli; o__Bacillales; f__Listeriaceae; g__Listeria; s__monocytogenes
f461aa828efb039d730b0e518c4f0aaa	other
bbc6a536ea3427b5eeaa008fd43ff261	k__Bacteria; p__Actinobacteria; c__Actinobacteria; o__Actinomycetales; f__Actinomycetaceae; g__Actinomyces; s__
e95f715d634bf05de7ea84afad3f9746	other
3f265921cb45d83b28ee286b154fc0d0	other
675901e598409fba2ca88494be3463d3	k__Bacteria; p__Actinobacteria; c__Actinobacteria; o__Actinomycetales; f__Propionibacteriaceae; g__Propionibacterium; s__acnes
8dbf4b0cb48736c8a406f28dfa64341f	other
d1af4f8446d8a41975234d96ac7c51e8	other
383d67c7f618436f9731556d5148b4bb	k__Bacteria; p__[Thermi]; c__Deinococci; o__Deinococcales; f__Deinococcaceae; g__Deinococcus; s__
c4dc03896e8c65d0bbe4f472fbfda5f2	other
4669f785716df43aa86c9a990e619eb1	k__Bacteria; p__Firmicutes; c__Bacilli; o__Lactobacillales; f__Streptococcaceae; g__Streptococcus; s__agalactiae
83da98c6bc8521e9c791aeced185cb15	k__Bacteria; p__Proteobacteria; c__Gammaproteobacteria; o__Pseudomonadales; f__Pseudomonadaceae; g__Pseudomonas; s__aeruginosa
333a40af36286f867e8e903e420016d4	k__Bacteria; p__Firmicutes; c__Bacilli; o__Bacillales; f__Staphylococcaceae; g__Staphylococcus; s__aureus
333a40af36286f867e8e903e420016d4	k__Bacteria; p__Firmicutes; c__Bacilli; o__Bacillales; f__Staphylococcaceae; g__Staphylococcus; s__epidermidis
f87fe98e3a70e14b5fa41cbe36d56d48	other
2077be704a8a81f1588f95a3b09504c3	k__Bacteria; p__Actinobacteria; c__Actinobacteria; o__Actinomycetales; f__Propionibacteriaceae; g__Propionibacterium; s__acnes
2e1911ec10887839e6a2aeaa06669e54	k__Bacteria; p__Actinobacteria; c__Actinobacteria; o__Actinomycetales; f__Actinomycetaceae; g__Actinomyces; s__
3091d80f9a7330328732e0631ea8c41d	other
42250b23bbcf1e5ed9dd2406606994c3	other
1bba9bc44ca57e41a7fa5b96fcf4a792	k__Bacteria; p__Firmicutes; c__Bacilli; o__Lactobacillales; f__Enterococcaceae; g__Enterococcus; s__
afb70b875bdbfe8eb05036c6761f2949	other
3295b7c2f9a047b89d14a6aff28d25da	k__Bacteria; p__Firmicutes; c__Bacilli; o__Bacillales; f__Staphylococcaceae; g__Staphylococcus; s__aureus
13193b19dd227e21a2b4404a93ef11a5	other
78274e9a3a4f55de2e92f6e5d89a4865	k__Bacteria; p__Bacteroidetes; c__Bacteroidia; o__Bacteroidales; f__Bacteroidaceae; g__Bacteroides; s__
